******************************************************************************
                  TI ARM Linker PC v20.2.7                     
******************************************************************************
>> Linked Sat May 17 03:18:50 2025

OUTPUT FILE NAME:   <AUTOSAR_Project2.out>
ENTRY POINT SYMBOL: "_c_int00_noargs"  address: 00001d9d


MEMORY CONFIGURATION

         name            origin    length      used     unused   attr    fill
----------------------  --------  ---------  --------  --------  ----  --------
  FLASH                 00000000   00040000  00001fd9  0003e027  R  X
  SRAM                  20000000   00008000  00000216  00007dea  RW X


SEGMENT ALLOCATION MAP

run origin  load origin   length   init length attrs members
----------  ----------- ---------- ----------- ----- -------
00000000    00000000    00001fe0   00001fe0    r-x
  00000000    00000000    0000026c   0000026c    r-- .intvecs
  0000026c    0000026c    00001bc6   00001bc6    r-x .text
  00001e32    00001e32    00000187   00000187    r-- .const
  00001fc0    00001fc0    00000020   00000020    r-- .cinit
20000000    20000000    00000216   00000000    rw-
  20000000    20000000    00000200   00000000    rw- .stack
  20000200    20000200    00000016   00000000    rw- .data


SECTION ALLOCATION MAP

 output                                  attributes/
section   page    origin      length       input sections
--------  ----  ----------  ----------   ----------------
.intvecs   0    00000000    0000026c     
                  00000000    0000026c     tm4c123gh6pm_startup_ccs.obj (.intvecs)

.text      0    0000026c    00001bc6     
                  0000026c    000014a0     Port.obj (.text)
                  0000170c    0000030c     Dio.obj (.text)
                  00001a18    000000a8     Os.obj (.text)
                  00001ac0    0000009c     rtsv7M4_T_le_v4SPD16_eabi.lib : memcpy_t2.asm.obj (.text)
                  00001b5c    0000007c     Button.obj (.text)
                  00001bd8    0000007c     Gpt.obj (.text)
                  00001c54    00000068     rtsv7M4_T_le_v4SPD16_eabi.lib : copy_decompress_lzss.c.obj (.text:decompress:lzss:__TI_decompress_lzss)
                  00001cbc    0000005c     App.obj (.text)
                  00001d18    00000044     rtsv7M4_T_le_v4SPD16_eabi.lib : autoinit.c.obj (.text:__TI_auto_init_nobinit_nopinit:__TI_auto_init_nobinit_nopinit)
                  00001d5c    0000003e     Led.obj (.text)
                  00001d9a    00000002     --HOLE-- [fill = 0]
                  00001d9c    00000034     rtsv7M4_T_le_v4SPD16_eabi.lib : boot_cortex_m.c.obj (.text:_c_int00_noargs:_c_int00_noargs)
                  00001dd0    00000020     Mcu.obj (.text)
                  00001df0    00000016     Det.obj (.text)
                  00001e06    0000000e     rtsv7M4_T_le_v4SPD16_eabi.lib : copy_decompress_none.c.obj (.text:decompress:none:__TI_decompress_none)
                  00001e14    0000000c     tm4c123gh6pm_startup_ccs.obj (.text)
                  00001e20    0000000a     main.obj (.text)
                  00001e2a    00000004     rtsv7M4_T_le_v4SPD16_eabi.lib : pre_init.c.obj (.text:_system_pre_init)
                  00001e2e    00000004                                   : exit.c.obj (.text:abort:abort)

.const     0    00001e32    00000187     
                  00001e32    00000183     Port_PBcfg.obj (.const:Port_Configuration)
                  00001fb5    00000004     Dio_PBcfg.obj (.const:Dio_Configuration)

.cinit     0    00001fc0    00000020     
                  00001fc0    0000000e     (.cinit..data.load) [load image, compression = lzss]
                  00001fce    00000002     --HOLE-- [fill = 0]
                  00001fd0    00000008     (__TI_handler_table)
                  00001fd8    00000008     (__TI_cinit_table)

.init_array 
*          0    00000000    00000000     UNINITIALIZED

.data      0    20000200    00000016     UNINITIALIZED
                  20000200    00000005     Dio.obj (.data)
                  20000205    00000003     Button.obj (.data)
                  20000208    00000005     Port.obj (.data)
                  2000020d    00000002     App.obj (.data)
                  2000020f    00000001     --HOLE--
                  20000210    00000004     Gpt.obj (.data)
                  20000214    00000002     Os.obj (.data)

.stack     0    20000000    00000200     UNINITIALIZED
                  20000000    00000004     rtsv7M4_T_le_v4SPD16_eabi.lib : boot_cortex_m.c.obj (.stack)
                  20000004    000001fc     --HOLE--

__llvm_prf_cnts 
*          0    20000000    00000000     UNINITIALIZED

MODULE SUMMARY

       Module                         code   ro data   rw data
       ------                         ----   -------   -------
    .\
       Port.obj                       5280   0         5      
       Dio.obj                        780    0         5      
       tm4c123gh6pm_startup_ccs.obj   12     620       0      
       Port_PBcfg.obj                 0      387       0      
       Os.obj                         168    0         2      
       Gpt.obj                        124    0         4      
       Button.obj                     124    0         3      
       App.obj                        92     0         2      
       Led.obj                        62     0         0      
       Mcu.obj                        32     0         0      
       Det.obj                        22     0         0      
       main.obj                       10     0         0      
       Dio_PBcfg.obj                  0      4         0      
    +--+------------------------------+------+---------+---------+
       Total:                         6706   1011      21     
                                                              
    D:\Edges Advanced Embedded Diploma\ccs\tools\compiler\ti-cgt-arm_20.2.7.LTS\lib\rtsv7M4_T_le_v4SPD16_eabi.lib
       memcpy_t2.asm.obj              156    0         0      
       copy_decompress_lzss.c.obj     104    0         0      
       autoinit.c.obj                 68     0         0      
       boot_cortex_m.c.obj            52     0         0      
       copy_decompress_none.c.obj     14     0         0      
       exit.c.obj                     4      0         0      
       pre_init.c.obj                 4      0         0      
    +--+------------------------------+------+---------+---------+
       Total:                         402    0         0      
                                                              
       Stack:                         0      0         512    
       Linker Generated:              0      30        0      
    +--+------------------------------+------+---------+---------+
       Grand Total:                   7108   1041      533    


LINKER GENERATED COPY TABLES

__TI_cinit_table @ 00001fd8 records: 1, size/record: 8, table size: 8
	.data: load addr=00001fc0, load size=0000000e bytes, run addr=20000200, run size=00000016 bytes, compression=lzss


LINKER GENERATED HANDLER TABLE

__TI_handler_table @ 00001fd0 records: 2, size/record: 4, table size: 8
	index: 0, handler: __TI_decompress_lzss
	index: 1, handler: __TI_decompress_none


GLOBAL SYMBOLS: SORTED ALPHABETICALLY BY Name 

address   name                          
-------   ----                          
00001ce1  App_Task                      
00001b5d  Button_GetState               
00001b63  Button_RefreshState           
00001cd1  Button_Task                   
00001e2f  C$$EXIT                       
00001df1  Det_ReportError               
00001fb5  Dio_Configuration             
000018eb  Dio_FlipChannel               
0000170d  Dio_Init                      
00001811  Dio_ReadChannel               
00001731  Dio_WriteChannel              
00001cbd  Init_Task                     
00001d75  Led_RefreshOutput             
00001d69  Led_SetOff                    
00001d5d  Led_SetOn                     
00001cd9  Led_Task                      
00001d8d  Led_Toggle                    
00001dd1  Mcu_Init                      
00001a33  Os_NewTimerTick               
00001a43  Os_Scheduler                  
00001a19  Os_start                      
00001e32  Port_Configuration            
00000e01  Port_GetVersionInfo           
0000026d  Port_Init                     
00000f53  Port_RefreshPortDirection     
00000e41  Port_SetPinDirection          
00001075  Port_SetPinMode               
00001e15  ResetISR                      
00001bd9  SysTick_Handler               
00001c31  SysTick_SetCallBack           
00001be9  SysTick_Start                 
00001c29  SysTick_Stop                  
20000200  __STACK_END                   
00000200  __STACK_SIZE                  
20000200  __STACK_TOP                   
00001fd8  __TI_CINIT_Base               
00001fe0  __TI_CINIT_Limit              
00001fd0  __TI_Handler_Table_Base       
00001fd8  __TI_Handler_Table_Limit      
00001d19  __TI_auto_init_nobinit_nopinit
00001c55  __TI_decompress_lzss          
00001e07  __TI_decompress_none          
ffffffff  __TI_pprof_out_hndl           
ffffffff  __TI_prof_data_size           
ffffffff  __TI_prof_data_start          
00000000  __TI_static_base__            
00001ac1  __aeabi_memcpy                
00001ac1  __aeabi_memcpy4               
00001ac1  __aeabi_memcpy8               
ffffffff  __binit__                     
ffffffff  __c_args__                    
UNDEFED   __mpu_init                    
20000000  __stack                       
20000000  __start___llvm_prf_cnts       
20000000  __stop___llvm_prf_cnts        
00001d9d  _c_int00_noargs               
UNDEFED   _system_post_cinit            
00001e2b  _system_pre_init              
00001e2f  abort                         
ffffffff  binit                         
00000000  g_pfnVectors                  
00001e21  main                          
00001ac1  memcpy                        


GLOBAL SYMBOLS: SORTED BY Symbol Address 

address   name                          
-------   ----                          
00000000  __TI_static_base__            
00000000  g_pfnVectors                  
00000200  __STACK_SIZE                  
0000026d  Port_Init                     
00000e01  Port_GetVersionInfo           
00000e41  Port_SetPinDirection          
00000f53  Port_RefreshPortDirection     
00001075  Port_SetPinMode               
0000170d  Dio_Init                      
00001731  Dio_WriteChannel              
00001811  Dio_ReadChannel               
000018eb  Dio_FlipChannel               
00001a19  Os_start                      
00001a33  Os_NewTimerTick               
00001a43  Os_Scheduler                  
00001ac1  __aeabi_memcpy                
00001ac1  __aeabi_memcpy4               
00001ac1  __aeabi_memcpy8               
00001ac1  memcpy                        
00001b5d  Button_GetState               
00001b63  Button_RefreshState           
00001bd9  SysTick_Handler               
00001be9  SysTick_Start                 
00001c29  SysTick_Stop                  
00001c31  SysTick_SetCallBack           
00001c55  __TI_decompress_lzss          
00001cbd  Init_Task                     
00001cd1  Button_Task                   
00001cd9  Led_Task                      
00001ce1  App_Task                      
00001d19  __TI_auto_init_nobinit_nopinit
00001d5d  Led_SetOn                     
00001d69  Led_SetOff                    
00001d75  Led_RefreshOutput             
00001d8d  Led_Toggle                    
00001d9d  _c_int00_noargs               
00001dd1  Mcu_Init                      
00001df1  Det_ReportError               
00001e07  __TI_decompress_none          
00001e15  ResetISR                      
00001e21  main                          
00001e2b  _system_pre_init              
00001e2f  C$$EXIT                       
00001e2f  abort                         
00001e32  Port_Configuration            
00001fb5  Dio_Configuration             
00001fd0  __TI_Handler_Table_Base       
00001fd8  __TI_CINIT_Base               
00001fd8  __TI_Handler_Table_Limit      
00001fe0  __TI_CINIT_Limit              
20000000  __stack                       
20000000  __start___llvm_prf_cnts       
20000000  __stop___llvm_prf_cnts        
20000200  __STACK_END                   
20000200  __STACK_TOP                   
ffffffff  __TI_pprof_out_hndl           
ffffffff  __TI_prof_data_size           
ffffffff  __TI_prof_data_start          
ffffffff  __binit__                     
ffffffff  __c_args__                    
ffffffff  binit                         
UNDEFED   __mpu_init                    
UNDEFED   _system_post_cinit            

[63 symbols]
